$schema: "https://apache-causeway-committers.github.io/causewaystuff/schema/companion/v1.0.0/companion.json"
groupId: "io.example.petclinic"
artifactId: "petclinic"
version: "1.0.0-SNAPSHOT"
name: "Petclinic"
description: "Petclinic sample application."
packageName: "io.example.petclinic"
persistence: "JPA"
modules:
- id: "petowner"
  name: "Pet Owner Module"
  description: "petclinic's pet owner module"
  entities:
  - namespace: "dom.petowner"
    name: "Pet"
    description: "an individual pet, known by the Petclinic"
    fields:
    - name: "id"
      description: "unique identifier"
      typeFqn: "java.lang.Long"
      flags:
      - "PRIMARY_KEY"
    - name: "name"
      description: "the name of this entity"
      typeFqn: "java.lang.String"
      flags: []
  - namespace: "dom.petowner"
    name: "PetOwner"
    description: "an individual pet owner, known by the Petclinic"
    fields:
    - name: "id"
      description: "unique identifier"
      typeFqn: "java.lang.Long"
      flags:
      - "PRIMARY_KEY"
    - name: "name"
      description: "the name of this entity"
      typeFqn: "java.lang.String"
      flags: []
- id: "visit"
  name: "Visit Module"
  description: "petclinic's visit module"
  entities:
  - namespace: "dom.visit"
    name: "Visit"
    description: "a specivic visit to the petclinic"
    fields:
    - name: "id"
      description: "unique identifier"
      typeFqn: "java.lang.Long"
      flags:
      - "PRIMARY_KEY"
    - name: "name"
      description: "the name of this entity"
      typeFqn: "java.lang.String"
      flags: []
