groupId: "io.example.petclinic"
artifactId: "petclinic"
version: "1.0.0-SNAPSHOT"
name: "Petclinic"
description: "Petclinic sample application."
packageName: "io.example.petclinic"
persistence: "JPA"
modules:
- id: "petowner"
  name: "Pet Owner Module"
  description: "petclinic's pet owner module"
  entities:
  - namespace: "dom.petowner"
    name: "Pet"
    description: "an individual pet, known by the Petclinic"
    primaryKeyName: "id"
    primaryKeyClass: "java.lang.Long"
  - namespace: "dom.petowner"
    name: "PetOwner"
    description: "an individual pet owner, known by the Petclinic"
    primaryKeyName: "id"
    primaryKeyClass: "java.lang.Long"
- id: "visit"
  name: "Visit Module"
  description: "petclinic's visit module"
  entities:
  - namespace: "dom.visit"
    name: "Visit"
    description: "a specivic visit to the petclinic"
    primaryKeyName: "id"
    primaryKeyClass: "java.lang.Long"
