{
  "$schema" : "https://json-schema.org/draft/2020-12/schema",
  "type" : "object",
  "properties" : {
    "artifactId" : {
      "type" : "string"
    },
    "description" : {
      "type" : "string"
    },
    "groupId" : {
      "type" : "string"
    },
    "modules" : {
      "type" : "array",
      "items" : {
        "type" : "object",
        "properties" : {
          "description" : {
            "type" : "string"
          },
          "entities" : {
            "type" : "array",
            "items" : {
              "type" : "object",
              "properties" : {
                "description" : {
                  "type" : "string"
                },
                "fields" : {
                  "type" : "array",
                  "items" : {
                    "type" : "object",
                    "properties" : {
                      "description" : {
                        "type" : "string"
                      },
                      "flags" : {
                        "type" : "array",
                        "items" : {
                          "type" : "string",
                          "enum" : [ "PRIMARY_KEY", "SECONDARY_KEY" ]
                        }
                      },
                      "name" : {
                        "type" : "string"
                      },
                      "typeFqn" : {
                        "type" : "string"
                      }
                    }
                  }
                },
                "name" : {
                  "type" : "string"
                },
                "namespace" : {
                  "type" : "string"
                }
              }
            }
          },
          "id" : {
            "type" : "string"
          },
          "name" : {
            "type" : "string"
          }
        }
      }
    },
    "name" : {
      "type" : "string"
    },
    "packageName" : {
      "type" : "string"
    },
    "persistence" : {
      "type" : "string",
      "enum" : [ "NONE", "JPA", "JDO" ]
    },
    "version" : {
      "type" : "string"
    }
  }
}