// Auto-generated by Causeway-Stuff code generator.
package survey.dom;

import io.github.causewaystuff.companion.applib.decorate.CollectionTitleDecorator;
import io.github.causewaystuff.companion.applib.services.lookup.DependantLookupService;
import jakarta.inject.Inject;
import java.lang.Class;
import java.util.List;
import javax.annotation.processing.Generated;
import lombok.RequiredArgsConstructor;
import org.apache.causeway.applib.annotation.Collection;
import org.apache.causeway.applib.annotation.CollectionLayout;
import org.apache.causeway.applib.annotation.MemberSupport;
import org.apache.causeway.commons.collections.Can;
import org.springframework.context.annotation.Configuration;

@Generated("io.github.causewaystuff.companion.codegen.domgen._GenDependants")
@Configuration
public class SurveyDeps {
    public static Can<Class<?>> mixinClasses() {
        return Can.of(Survey_dependentCampaignMappedBySurvey.class);
    }

    @Collection
    @CollectionLayout(
            tableDecorator = CollectionTitleDecorator.class
    )
    @RequiredArgsConstructor
    public static class Survey_dependentCampaignMappedBySurvey {
        @Inject
        DependantLookupService dependantLookup;

        private final Survey mixee;

        @MemberSupport
        public List<Campaign> coll() {
            return dependantLookup.findDependants(
                Campaign.class,
                Campaign_survey.class,
                Campaign_survey::prop,
                mixee);
        }
    }
}
