// Auto-generated by Causeway-Stuff code generator.
package reporter.dom;

import jakarta.inject.Named;
import java.lang.String;
import java.math.BigDecimal;
import javax.annotation.processing.Generated;
import org.apache.causeway.applib.annotation.DomainObject;
import org.apache.causeway.applib.annotation.DomainObjectLayout;
import org.apache.causeway.applib.annotation.ObjectSupport;
import org.apache.causeway.applib.annotation.PropertyLayout;
import org.apache.causeway.applib.annotation.Where;

/**
 * has no description
 * @param respondentOrdinal sequential
 * respondent
 * index
 * @param respondentAlias anonymized
 * respondent identifier,
 * unique to the
 * corresponding survey
 * @param interviewOrdinal respondent's
 * n-th interview
 * (chronological)
 * @param fco food
 * consumption
 * occasion
 * code
 * @param meal meal happened
 * when and where
 * @param value w.i.p.
 */
@Generated("io.github.causewaystuff.companion.codegen.domgen._GenViewmodel")
@Named("reporter.dom.ConsumptionRecord")
@DomainObject
@DomainObjectLayout(
        describedAs = "has no description"
)
public record ConsumptionRecord(
        @PropertyLayout(
                fieldSetId = "details",
                sequence = "1",
                describedAs = "sequential\n"
                                + "respondent\n"
                                + "index",
                hidden = Where.NOWHERE
        )
        int respondentOrdinal,
        @PropertyLayout(
                fieldSetId = "details",
                sequence = "2",
                describedAs = "anonymized\n"
                                + "respondent identifier,\n"
                                + "unique to the\n"
                                + "corresponding survey",
                hidden = Where.NOWHERE
        )
        String respondentAlias,
        @PropertyLayout(
                fieldSetId = "details",
                sequence = "3",
                describedAs = "respondent's\n"
                                + "n-th interview\n"
                                + "(chronological)",
                hidden = Where.NOWHERE
        )
        int interviewOrdinal,
        @PropertyLayout(
                fieldSetId = "details",
                sequence = "4",
                describedAs = "food\n"
                                + "consumption\n"
                                + "occasion\n"
                                + "code",
                hidden = Where.NOWHERE
        )
        String fco,
        @PropertyLayout(
                fieldSetId = "details",
                sequence = "5",
                describedAs = "meal happened\n"
                                + "when and where",
                hidden = Where.NOWHERE
        )
        String meal,
        @PropertyLayout(
                fieldSetId = "details",
                sequence = "6",
                describedAs = "w.i.p.",
                hidden = Where.NOWHERE
        )
        BigDecimal value) {
    @ObjectSupport
    public String title() {
        return this.toString();
    }
}
