// Auto-generated by Causeway-Stuff code generator.
import java.lang.Class;
import java.lang.String;
import javax.annotation.processing.Generated;
import org.apache.causeway.commons.collections.Can;
import org.apache.causeway.commons.io.DataSource;
import org.springframework.context.annotation.Configuration;
import org.springframework.context.annotation.Import;
import survey.dom.Campaign;
import survey.dom.CampaignDeps;
import survey.dom.Campaign_delete;
import survey.dom.Campaign_survey;
import survey.dom.Survey;
import survey.dom.SurveyDeps;
import survey.dom.Survey_delete;

@Generated("io.github.causewaystuff.companion.codegen.domgen._GenModule")
@Configuration
@Import({

// Config Beans
ModuleConfig.class,

// Menu Entries
EntitiesMenu.class,

// Entities
Campaign.class,
Survey.class,

// Submodules
CampaignDeps.class,
SurveyDeps.class,

// Mixins
Campaign_delete.class,
Campaign_survey.class,
Survey_delete.class,
})
public class MyModule {
    public static final String NAMESPACE = "";

    public static DataSource schemaSource() {
        return DataSource.ofResource(MyModule.class, "companion-schema.yaml");
    }

    public static Can<Class<?>> entityClasses() {
        return Can.of(Campaign.class,
        Survey.class);
    }
}
