// Auto-generated by Causeway-Stuff code generator.
import io.github.causewaystuff.companion.applib.services.search.SearchService;
import jakarta.inject.Inject;
import jakarta.inject.Named;
import javax.annotation.processing.Generated;
import org.apache.causeway.applib.annotation.Action;
import org.apache.causeway.applib.annotation.ActionLayout;
import org.apache.causeway.applib.annotation.DomainService;
import org.apache.causeway.applib.services.factory.FactoryService;
import survey.dom.Campaign;
import survey.dom.Survey;

@Generated("io.github.causewaystuff.companion.codegen.domgen._GenMenu")
@Named("EntitiesMenu")
@DomainService
public class EntitiesMenu {
    @Inject
    private FactoryService factoryService;

    @Inject
    private SearchService searchService;

    @Action
    @ActionLayout(
            cssClassFa = "solid users-viewfinder .campaign-color"
    )
    public Campaign.Manager manageCampaign() {
        return factoryService.viewModel(new Campaign.Manager(searchService, ""));
    }

    @Action
    @ActionLayout(
            cssClassFa = "solid users .survey-color"
    )
    public Survey.Manager manageSurvey() {
        return factoryService.viewModel(new Survey.Manager(searchService, ""));
    }
}
