// Auto-generated by Causeway-Stuff code generator.
import javax.annotation.processing.Generated;
import org.springframework.context.annotation.Configuration;

@Generated("io.github.causewaystuff.companion.codegen.domgen._GenConfigBean")
@Configuration
public class ModuleConfig {
}
