// Auto-generated by Causeway-Stuff code generator.
package survey.dom;

import java.lang.Class;
import javax.annotation.processing.Generated;
import org.apache.causeway.commons.collections.Can;
import org.springframework.context.annotation.Configuration;

@Generated("io.github.causewaystuff.companion.codegen.domgen._GenDependants")
@Configuration
public class CampaignDeps {
    public static Can<Class<?>> mixinClasses() {
        return Can.of();
    }
}
