// Auto-generated by Causeway-Stuff code generator.
package reporter.dom;

import jakarta.inject.Named;
import java.lang.BigDecimal;
import java.lang.String;
import javax.annotation.processing.Generated;
import org.apache.causeway.applib.annotation.DomainObject;
import org.apache.causeway.applib.annotation.DomainObjectLayout;
import org.apache.causeway.applib.annotation.ObjectSupport;

/**
 * has no description
 */
@Generated("io.github.causewaystuff.companion.codegen.domgen._GenViewmodel")
@Named("reporter.dom.ConsumptionRow")
@DomainObject
@DomainObjectLayout(
        describedAs = "has no description"
)
public class ConsumptionRow {
    /**
     * sequential
     * respondent
     * index
     */
    private int respondentOrdinal;

    /**
     * anonymized
     * respondent identifier,
     * unique to the
     * corresponding survey
     */
    private String respondentAlias;

    /**
     * respondent's
     * n-th interview
     * (chronological)
     */
    private int interviewOrdinal;

    /**
     * food
     * consumption
     * occasion
     * code
     */
    private String fco;

    /**
     * meal happened
     * when and where
     */
    private String meal;

    /**
     * w.i.p.
     */
    private BigDecimal value;

    @ObjectSupport
    public String title() {
        return this.toString();
    }
}
